[harichandanaias.com/index.html]
[backblue.gif]
[fade.gif]
[index.html]
[harichandanaias.com/wp-content/themes/harichandana/content/css/owl.carousel.min.css]
[harichandanaias.com/wp-content/themes/harichandana/content/css/bootstrap.min.css]
[harichandanaias.com/wp-content/themes/harichandana/content/css/owl.theme.default.min.css]
[harichandanaias.com/wp-content/themes/harichandana/content/css/stylec66d.css]
[cdn.jsdelivr.net/npm/bootstrap-icons@1.11.3/font/bootstrap-icons.min.css]
[cdnjs.cloudflare.com/ajax/libs/fancybox/3.5.7/jquery.fancybox.min.css]
[harichandanaias.com/wp-includes/css/dist/block-library/style.min33e2.css]
[harichandanaias.com/wp-content/plugins/contact-form-7/includes/css/styles923c.css]
[harichandanaias.com/wp-includes/js/jquery/jquery.min33be.js]
[harichandanaias.com/wp-includes/js/jquery/jquery-migrate.min5932.js]
[harichandanaias.com/wp-json/wp/v2/pages/8.json]
[harichandanaias.com/xmlrpc0db0.php]
[harichandanaias.com/wp-json/oembed/1.0/embedd583.json]
[harichandanaias.com/wp-json/oembed/1.0/embedbc40]
[harichandanaias.com/wp-json/index.html]
[harichandanaias.com/wp-content/uploads/2025/07/cropped-hari-chandana-favicon-32x32.png]
[harichandanaias.com/wp-content/uploads/2025/07/cropped-hari-chandana-favicon-192x192.png]
[harichandanaias.com/wp-content/uploads/2025/07/cropped-hari-chandana-favicon-180x180.png]
[harichandanaias.com/wp-content/themes/harichandana/content/js/jquery.min.js]
[harichandanaias.com/wp-content/themes/harichandana/content/js/jquery.validate.min.js]
[harichandanaias.com/wp-content/themes/harichandana/content/images/logo.png]
[harichandanaias.com/about-me/index.html]
[harichandanaias.com/initiatives/index.html]
[harichandanaias.com/insights/index.html]
[harichandanaias.com/gallery/index.html]
[harichandanaias.com/videos/index.html]
[harichandanaias.com/news/index.html]
[harichandanaias.com/wp-content/themes/harichandana/content/images/ms-chandana-img1.png]
[harichandanaias.com/contact/index.html]
[harichandanaias.com/wp-content/uploads/2025/02/banner1.png]
[harichandanaias.com/wp-content/themes/harichandana/content/images/initiatives-1.png]
[harichandanaias.com/healthcare-and-wellbeing/index.html]
[harichandanaias.com/wp-content/uploads/2022/02/45-1024x851.jpg]
[harichandanaias.com/wp-content/uploads/2025/02/Hari_Chandana_IAS-768x594-1.png]
[harichandanaias.com/wp-content/uploads/2025/03/VDOREC20250222_2943T01.jpg]
[harichandanaias.com/wp-content/uploads/2021/06/WhatsApp-Image-2021-07-26-at-5.12.58-PM-1024x1024.jpg]
[harichandanaias.com/claims-needing-verification/index.html]
[harichandanaias.com/wp-content/uploads/2022/09/image-11.png]
[harichandanaias.com/wp-content/uploads/2022/03/EmbeddedImage-1024x1024.jpg]
[harichandanaias.com/digital-literacy-and-entrepreneurship/index.html]
[harichandanaias.com/wp-content/uploads/2022/03/DSC_0445-1-1024x920.png]
[harichandanaias.com/wp-content/uploads/2022/03/New-Project.jpg]
[harichandanaias.com/environmental-leadership/index.html]
[harichandanaias.com/she-toilets-mobile-toilet-for-womens/index.html]
[harichandanaias.com/pet-park/index.html]
[harichandanaias.com/aarunya/index.html]
[harichandanaias.com/wp-content/uploads/2023/12/Screenshot-2023-12-11-at-2-compressed-1-e1750050974400.jpg]
[harichandanaias.com/wp-content/uploads/2025/06/Hari-Chandana-Dasari_V_jpg-816x480-4g.webp]
[harichandanaias.com/feed-the-need/index.html]
[harichandanaias.com/wp-content/uploads/2025/02/siasat.com_.png]
[harichandanaias.com/wp-content/uploads/2025/02/unstop.com_.png]
[harichandanaias.com/wp-content/uploads/2025/02/indiatimes.com_-1.png]
[harichandanaias.com/wp-content/uploads/2025/02/deccanchronicle.com_.png]
[harichandanaias.com/wp-content/uploads/2025/02/india.com_.png]
[harichandanaias.com/wp-content/uploads/2025/02/indian-masterminds.png]
[harichandanaias.com/wp-content/uploads/2025/02/Jagran-Josh.png]
[harichandanaias.com/wp-content/uploads/2025/09/WhatsApp-Image-2025-09-03-at-19.05.40-1.jpg]
[harichandanaias.com/wp-content/uploads/2025/09/WhatsApp-Image-2025-09-03-at-19.05.40.jpg]
[harichandanaias.com/wp-content/uploads/2025/09/WhatsApp-Image-2025-09-01-at-18.12.08-2.jpg]
[img.youtube.com/vi/W_F39mm2bsU/hqdefault.jpg]
[img.youtube.com/vi/UheCK_T63HA/hqdefault.jpg]
[img.youtube.com/vi/qmHMtri_9f8/hqdefault.jpg]
[img.youtube.com/vi/lyqO9n7AtgY/hqdefault.jpg]
[platform.twitter.com/widgets.js]
[cdnjs.cloudflare.com/ajax/libs/fancybox/3.5.7/jquery.fancybox.min.js]
[cdn.jsdelivr.net/npm/sweetalert2@11/dist/sweetalert2.min.css]
[cdn.jsdelivr.net/npm/sweetalert2@11/dist/sweetalert2.all.min.js]
[harichandanaias.com/wp-includes/js/dist/hooks.min7ae4.js]
[harichandanaias.com/wp-includes/js/dist/i18n.min7142.js]
[harichandanaias.com/wp-content/plugins/contact-form-7/includes/swv/js/index63c4.js]
[harichandanaias.com/index.html]
[www.googletagmanager.com/gtm5445.html]
[harichandanaias.com/wp-content/themes/harichandana/content/css/bootstrap.min.css]
[harichandanaias.com/wp-content/plugins/gtranslate/js/float09d7.js]
[harichandanaias.com/wp-content/themes/harichandana/content/css/owl.carousel.min.css]
[harichandanaias.com/wp-content/themes/harichandana/content/css/owl.theme.default.min.css]
[harichandanaias.com/wp-content/themes/harichandana/content/css/stylec66d.css]
[cdn.jsdelivr.net/npm/bootstrap-icons@1.11.3/font/fonts/bootstrap-icons0107.woff2]
[cdn.jsdelivr.net/npm/bootstrap-icons@1.11.3/font/fonts/bootstrap-icons0107.woff]
[cdn.jsdelivr.net/npm/bootstrap-icons@1.11.3/font/bootstrap-icons.min.css]
[cdnjs.cloudflare.com/ajax/libs/fancybox/3.5.7/jquery.fancybox.min.css]
[harichandanaias.com/wp-includes/css/dist/block-library/style.min33e2.css]
[harichandanaias.com/wp-content/plugins/contact-form-7/includes/css/styles923c.css]
[harichandanaias.com/wp-includes/js/jquery/jquery.min33be.js]
[harichandanaias.com/wp-includes/js/jquery/jquery-migrate.min5932.js]
[harichandanaias.com/wp-content/themes/harichandana/content/js/jquery.min.js]
[harichandanaias.com/wp-content/themes/harichandana/content/js/jquery.validate.min.js]
[harichandanaias.com/wp-content/plugins/contact-form-7/includes/css/stylesc17b.css]
[harichandanaias.com/wp-includes/js/jquery/jquery.min581a.js]
[harichandanaias.com/wp-includes/js/jquery/jquery-migrate.minf8f5.js]
[harichandanaias.com/wp-includes/js/dist/hooks.mindb50.js]
[harichandanaias.com/wp-includes/js/dist/i18n.min6133.js]
[harichandanaias.com/wp-content/plugins/contact-form-7/includes/swv/js/indexc17b.js]
[harichandanaias.com/about-me/index.html]
[harichandanaias.com/wp-content/plugins/gtranslate/js/float4c49.js]
[harichandanaias.com/initiatives/index.html]
[harichandanaias.com/wp-includes/css/dist/block-library/style.min0b61.css]
[harichandanaias.com/wp-content/plugins/contact-form-7/includes/css/stylesc458.css]
[harichandanaias.com/wp-includes/js/jquery/jquery.minc857.js]
[harichandanaias.com/wp-includes/js/jquery/jquery-migrate.min05ba.js]
[harichandanaias.com/wp-content/uploads/2025/09/baby-spa.png]
[harichandanaias.com/wp-content/uploads/2025/06/WhatsApp-Image-2025-06-13-at-18.31.47_6373cc1c.jpg]
[harichandanaias.com/wp-content/uploads/2025/08/WhatsApp-Image-2025-08-20-at-14.00.06.jpg]
[harichandanaias.com/wp-content/uploads/2025/07/WhatsApp-Image-2025-07-21-at-20.50.59.jpg]
[harichandanaias.com/wp-content/uploads/2025/06/WhatsApp-Image-2025-06-13-at-18.31.48_4f13e299.jpg]
[harichandanaias.com/wp-content/uploads/2025/08/WhatsApp-Image-2025-08-11-at-17.43.05-2.jpg]
[harichandanaias.com/wp-content/uploads/2025/08/WhatsApp-Image-2025-08-07-at-13.35.38-1.jpg]
[harichandanaias.com/wp-content/uploads/2025/08/WhatsApp-Image-2025-08-05-at-18.14.40-1.jpg]
[harichandanaias.com/wp-content/uploads/2025/08/Namrat1.jpg]
[harichandanaias.com/wp-content/uploads/2025/07/WhatsApp-Image-2025-07-30-at-15.47.10.jpg]
[harichandanaias.com/wp-content/uploads/2025/07/Gw6X_8UbQAAutHR.jpg]
[harichandanaias.com/wp-content/uploads/2025/07/plant-ias.jpg]
[harichandanaias.com/wp-content/uploads/2025/07/rain.avif]
[harichandanaias.com/wp-content/uploads/2025/07/ias.jpg]
[harichandanaias.com/wp-content/uploads/2025/07/GwYQXdEbkAAm2aq.jpg]
[harichandanaias.com/wp-content/uploads/2025/07/1939428-14a381a3-62c9-4904-bf69-375dc48c2350.webp]
[harichandanaias.com/wp-content/uploads/2025/07/WhatsApp-Image-2025-07-16-at-18.00.48-1.jpg]
[harichandanaias.com/wp-content/uploads/2025/07/WhatsApp-Image-2025-07-15-at-15.45.16.jpg]
[harichandanaias.com/wp-content/uploads/2025/07/aaaa1-20.jpg]
[harichandanaias.com/wp-content/uploads/2025/07/aaaa1.jpg]
[harichandanaias.com/wp-content/uploads/2025/07/singareni_V_jpg-442x260-4g.webp]
[harichandanaias.com/wp-content/uploads/2025/07/aa5.jpg]
[harichandanaias.com/wp-content/uploads/2025/07/WhatsApp-Image-2025-07-02-at-12.25.02_d94b3cf0.jpg]
[harichandanaias.com/wp-content/uploads/2025/06/WhatsApp-Image-2025-06-24-at-13.11.47-1.jpg]
[harichandanaias.com/wp-content/uploads/2025/06/a4.jpg]
[harichandanaias.com/wp-content/uploads/2025/06/WhatsApp-Image-2025-06-16-at-15.46.43_717575fe.jpg]
[harichandanaias.com/wp-includes/js/dist/hooks.minbb9a.js]
[harichandanaias.com/wp-includes/js/dist/i18n.minecd2.js]
[harichandanaias.com/wp-content/plugins/contact-form-7/includes/swv/js/indexc458.js]
[harichandanaias.com/wp-content/plugins/gtranslate/js/float0b61.js]
[harichandanaias.com/news/index.html]
[harichandanaias.com/wp-content/plugins/contact-form-7/includes/css/styles0861.css]
[harichandanaias.com/wp-includes/js/jquery/jquery.min7cf0.js]
[harichandanaias.com/wp-includes/js/jquery/jquery-migrate.minf8ce.js]
[harichandanaias.com/wp-includes/js/dist/hooks.min0b06.js]
[harichandanaias.com/wp-includes/js/dist/i18n.min9756.js]
[harichandanaias.com/wp-content/plugins/contact-form-7/includes/swv/js/index0861.js]
[harichandanaias.com/insights/index.html]
[harichandanaias.com/wp-content/plugins/gtranslate/js/floatd5cd.js]
[harichandanaias.com/gallery/index.html]
[img.youtube.com/vi/rwBnMey7PSY/hqdefault.jpg]
[img.youtube.com/vi/L4tOqO61PZM/hqdefault.jpg]
[img.youtube.com/vi/SWboCWK8ync/hqdefault.jpg]
[img.youtube.com/vi/vyULCUWiarQ/hqdefault.jpg]
[img.youtube.com/vi/Y441n6GtCEE/hqdefault.jpg]
[img.youtube.com/vi/P4o1ojcZviI/hqdefault.jpg]
[img.youtube.com/vi/1nAqWuwOQZU/hqdefault.jpg]
[img.youtube.com/vi/y6Xf2iQEV58/hqdefault.jpg]
[img.youtube.com/vi/VdRWMrTu6z8/hqdefault.jpg]
[img.youtube.com/vi/OfcaZFyBv2w/hqdefault.jpg]
[img.youtube.com/vi/cK_Fyigfr6M/hqdefault.jpg]
[img.youtube.com/vi/2dMdUlLTZn4/hqdefault.jpg]
[img.youtube.com/vi/3e337dipYCw/hqdefault.jpg]
[img.youtube.com/vi/lCFsRT7KaZo/hqdefault.jpg]
[img.youtube.com/vi/tYDoHy16P7A/hqdefault.jpg]
[img.youtube.com/vi/wSCOwsdcdpY/hqdefault.jpg]
[img.youtube.com/vi/bq0Dc6MqPOk/hqdefault.jpg]
[img.youtube.com/vi/6GkbbZqnO5w/hqdefault.jpg]
[img.youtube.com/vi/iVOJ60uUgsQ/hqdefault.jpg]
[img.youtube.com/vi/OaXpZFrGT2I/hqdefault.jpg]
[img.youtube.com/vi/0FwjU9T3lNk/hqdefault.jpg]
[img.youtube.com/vi/dVVrOAvVMp0/hqdefault.jpg]
[img.youtube.com/vi/20zVJEvot5E/hqdefault.jpg]
[img.youtube.com/vi/0Ufk_TuCwbI/hqdefault.jpg]
[img.youtube.com/vi/CSunY459U5Y/hqdefault.jpg]
[img.youtube.com/vi/ToHO6oT48BY/hqdefault.jpg]
[img.youtube.com/vi/FGl4ELind_c/hqdefault.jpg]
[img.youtube.com/vi/nompbTiKIiQ/hqdefault.jpg]
[img.youtube.com/vi/qzsnDZJG5sU/hqdefault.jpg]
[img.youtube.com/vi/ueMk9IRu_-k/hqdefault.jpg]
[img.youtube.com/vi/PmbRw4rL9Wk/hqdefault.jpg]
[img.youtube.com/vi/9bLSEm29lQI/hqdefault.jpg]
[img.youtube.com/vi/esoG56OFd6c/hqdefault.jpg]
[img.youtube.com/vi/uYqo0R4ai8A/hqdefault.jpg]
[harichandanaias.com/videos/index.html]
[harichandanaias.com/contact/index.html]
[harichandanaias.com/wp-content/plugins/contact-form-7/includes/css/styles477b.css]
[harichandanaias.com/wp-includes/js/jquery/jquery.min9a13.js]
[harichandanaias.com/wp-includes/js/jquery/jquery-migrate.mincffc.js]
[harichandanaias.com/wp-includes/js/dist/hooks.mine015.js]
[harichandanaias.com/wp-includes/js/dist/i18n.minaaed.js]
[harichandanaias.com/wp-content/plugins/contact-form-7/includes/swv/js/index477b.js]
[harichandanaias.com/healthcare-and-wellbeing/index.html]
[harichandanaias.com/wp-content/plugins/gtranslate/js/float9cd8.js]
[harichandanaias.com/wp-includes/css/dist/block-library/style.min21f5.css]
[harichandanaias.com/wp-content/plugins/contact-form-7/includes/css/styles9df7.css]
[harichandanaias.com/wp-includes/js/jquery/jquery.mina2a1.js]
[harichandanaias.com/wp-includes/js/jquery/jquery-migrate.min5e7c.js]
[harichandanaias.com/wp-includes/js/dist/hooks.min7099.js]
[harichandanaias.com/wp-includes/js/dist/i18n.min626f.js]
[harichandanaias.com/wp-content/plugins/contact-form-7/includes/swv/js/index9df7.js]
[harichandanaias.com/claims-needing-verification/index.html]
[harichandanaias.com/wp-content/plugins/gtranslate/js/float21f5.js]
[harichandanaias.com/digital-literacy-and-entrepreneurship/index.html]
[harichandanaias.com/wp-content/plugins/contact-form-7/includes/css/stylese231.css]
[harichandanaias.com/wp-includes/js/jquery/jquery.min1fe3.js]
[harichandanaias.com/wp-includes/js/jquery/jquery-migrate.mina319.js]
[harichandanaias.com/wp-includes/js/dist/hooks.mine2d3.js]
[harichandanaias.com/wp-includes/js/dist/i18n.min5bba.js]
[harichandanaias.com/wp-content/plugins/contact-form-7/includes/swv/js/indexe231.js]
[harichandanaias.com/wp-content/plugins/contact-form-7/includes/js/indexe231.js]
[harichandanaias.com/environmental-leadership/index.html]
[harichandanaias.com/wp-content/plugins/gtranslate/js/float746a.js]
[harichandanaias.com/she-toilets-mobile-toilet-for-womens/index.html]
[harichandanaias.com/pet-park/index.html]
[harichandanaias.com/wp-content/plugins/contact-form-7/includes/css/styles962f.css]
[harichandanaias.com/wp-includes/js/jquery/jquery.min1dec.js]
[harichandanaias.com/wp-includes/js/jquery/jquery-migrate.minfec8.js]
[harichandanaias.com/wp-includes/js/dist/hooks.mine4b8.js]
[harichandanaias.com/wp-includes/js/dist/i18n.min4af5.js]
[harichandanaias.com/wp-content/plugins/contact-form-7/includes/swv/js/index962f.js]
[harichandanaias.com/aarunya/index.html]
[harichandanaias.com/wp-content/plugins/gtranslate/js/float3820.js]
[harichandanaias.com/wp-includes/css/dist/block-library/style.mineb3d.css]
[harichandanaias.com/wp-content/plugins/contact-form-7/includes/css/styles3bf8.css]
[harichandanaias.com/wp-includes/js/jquery/jquery.minccd0.js]
[harichandanaias.com/wp-includes/js/jquery/jquery-migrate.min1977.js]
[harichandanaias.com/wp-includes/js/dist/hooks.min3ac0.js]
[harichandanaias.com/wp-includes/js/dist/i18n.min071d.js]
[harichandanaias.com/wp-content/plugins/contact-form-7/includes/swv/js/index3bf8.js]
[harichandanaias.com/wp-content/plugins/contact-form-7/includes/js/index3bf8.js]
[harichandanaias.com/feed-the-need/index.html]
[harichandanaias.com/wp-content/uploads/2025/02/ragalahari.com_.html]
[harichandanaias.com/wp-content/uploads/2025/02/dd-768x461-1.html]
[harichandanaias.com/wp-content/plugins/gtranslate/js/floateb3d.js]
[harichandanaias.com/wp-content/uploads/2025/09/WhatsApp-Image-2025-09-03-at-19.05.40-1-1024x1024.html]
[harichandanaias.com/wp-content/uploads/2025/09/WhatsApp-Image-2025-09-03-at-19.05.40-1024x1024.html]
[harichandanaias.com/wp-content/uploads/2025/09/WhatsApp-Image-2025-09-03-at-19.05.39.html]
[harichandanaias.com/wp-content/uploads/2025/09/WhatsApp-Image-2025-09-03-at-19.05.39-1024x1024.html]
[harichandanaias.com/she-toilets-mobile-toilet-for-womens/feed/index.html]
[harichandanaias.com/wp-content/uploads/2025/09/WhatsApp-Image-2025-09-03-at-19.05.39-1.html]
[harichandanaias.com/wp-content/uploads/2025/09/WhatsApp-Image-2025-09-03-at-19.05.39-1-1024x1024.html]
[harichandanaias.com/pet-park/feed/index.html]
[harichandanaias.com/wp-content/uploads/2025/09/WhatsApp-Image-2025-09-02-at-16.56.59.html]
[harichandanaias.com/aarunya/feed/index.html]
[harichandanaias.com/wp-content/uploads/2025/09/WhatsApp-Image-2025-09-02-at-16.56.59-1024x1024.html]
[harichandanaias.com/wp-content/uploads/2025/09/WhatsApp-Image-2025-09-01-at-18.12.08-2-1024x1024.html]
[harichandanaias.com/wp-content/uploads/2025/09/WhatsApp-Image-2025-09-01-at-18.12.07-1.html]
[harichandanaias.com/wp-content/uploads/2025/09/WhatsApp-Image-2025-09-01-at-18.12.07-1-1024x1024.html]
[harichandanaias.com/wp-content/uploads/2025/09/WhatsApp-Image-2025-09-01-at-18.45.28.html]
[harichandanaias.com/wp-content/uploads/2025/09/WhatsApp-Image-2025-09-01-at-18.45.28-1024x1024.html]
[harichandanaias.com/district-collectors-at-the-frontlines/index.html]
[harichandanaias.com/wp-content/uploads/2025/08/WhatsApp-Image-2025-08-13-at-18.20.39.html]
[harichandanaias.com/tradition-meets-governance/index.html]
[harichandanaias.com/wp-content/uploads/2025/08/IMG_5658-scaled.html]
[harichandanaias.com/top-ias-officers-in-india/index.html]
[harichandanaias.com/wp-content/uploads/2025/06/WhatsApp-Image-2025-06-15-at-22.24.31_24a34511.html]
[harichandanaias.com/ias-officers-leading-women-empowerment-missions/index.html]
[harichandanaias.com/wp-content/uploads/2025/07/WhatsApp-Image-2025-07-29-at-16.06.50.html]
[harichandanaias.com/public-speaking-and-communication-skills-for-ias-officers-why-it-matters/index.html]
[harichandanaias.com/wp-content/uploads/2025/08/WhatsApp-Image-2025-08-11-at-17.43.04.html]
[harichandanaias.com/how-ias-officers-manage-public-grievance-redressal-systems-effectively/index.html]
[harichandanaias.com/wp-content/uploads/2025/06/a19.html]
[harichandanaias.com/social-media.html]
[harichandanaias.com/wp-content/themes/harichandana/content/images/footer-title-icon.html]
[harichandanaias.com/wp-content/themes/harichandana/content/images/blue-sky.html]
[harichandanaias.com/wp-content/themes/harichandana/content/images/truth.html]
[harichandanaias.com/privacy-policy.html]
[harichandanaias.com/wp-content/themes/harichandana/content/js/bootstrap.bundle.min.html]
[harichandanaias.com/wp-content/themes/harichandana/content/js/owl.carousel.min.html]
[harichandanaias.com/wp-content/themes/harichandana/content/js/js.html]
[cdn.jsdelivr.net/npm/sweetalert2@11/dist/sweetalert2.min.css]
[harichandanaias.com/wp-includes/js/dist/hooks.min7ae4.js]
[harichandanaias.com/wp-includes/js/dist/i18n.min7142.js]
[harichandanaias.com/feed-the-need/feed/index.html]
[harichandanaias.com/wp-content/plugins/contact-form-7/includes/swv/js/index63c4.js]
[harichandanaias.com/wp-content/plugins/contact-form-7/includes/js/index63c4.html]
[harichandanaias.com/t-consult/index.html]
[translate.google.com/translate_a/element7876.js]
[harichandanaias.com/wp-content/plugins/gtranslate/js/float09d7.js]
[harichandanaias.com/wp-content/themes/harichandana/content/css/owl.video.play.html]
[harichandanaias.com/wp-content/themes/harichandana/content/fonts/Poppins-Light.html]
[harichandanaias.com/wp-content/themes/harichandana/content/fonts/Poppins-Regular.html]
[harichandanaias.com/wp-content/themes/harichandana/content/fonts/Poppins-Medium.html]
[harichandanaias.com/wp-content/themes/harichandana/content/fonts/Poppins-SemiBold.html]
[harichandanaias.com/wp-content/themes/harichandana/content/fonts/Poppins-Bold.html]
[harichandanaias.com/wp-content/themes/harichandana/content/fonts/Poppins-ExtraBold.html]
[harichandanaias.com/wp-content/themes/harichandana/content/images/about-banner.html]
[harichandanaias.com/wp-content/themes/harichandana/content/images/title-icon.html]
[harichandanaias.com/wp-content/themes/harichandana/content/images/social-meadia-1.html]
[harichandanaias.com/wp-content/themes/harichandana/content/images/social-meadia-2.html]
[harichandanaias.com/wp-content/themes/harichandana/content/images/social-meadia-3.html]
[harichandanaias.com/wp-content/themes/harichandana/content/images/social-meadia-4.html]
[harichandanaias.com/wp-content/themes/harichandana/content/images/social-meadia-5.html]
[harichandanaias.com/wp-content/themes/harichandana/content/images/news-updates-image.html]
[harichandanaias.com/wp-includes/css/dist/block-library/style.min4c49.html]
[harichandanaias.com/wp-content/plugins/contact-form-7/includes/css/stylesc17b.css]
[harichandanaias.com/wp-includes/js/jquery/jquery.min581a.js]
[harichandanaias.com/wp-includes/js/jquery/jquery-migrate.minf8f5.js]
[harichandanaias.com/wp-json/wp/v2/pages/28.html]
[harichandanaias.com/index3c55.html]
[harichandanaias.com/wp-json/oembed/1.0/embed2abf.html]
[harichandanaias.com/wp-json/oembed/1.0/embedbbed.html]
[harichandanaias.com/wp-content/uploads/2025/01/ms-chandana-img1.html]
[harichandanaias.com/wp-content/themes/harichandana/content/images/faq1.html]
[harichandanaias.com/wp-content/themes/harichandana/content/images/faq3.html]
[harichandanaias.com/wp-content/themes/harichandana/content/images/faq4.html]
[harichandanaias.com/wp-content/themes/harichandana/content/images/faq2.html]
[harichandanaias.com/wp-content/uploads/2025/09/WhatsApp-Image-2025-09-03-at-19.05.40-1-300x300.html]
[harichandanaias.com/wp-content/uploads/2025/09/WhatsApp-Image-2025-09-03-at-19.05.40-300x300.html]
[harichandanaias.com/wp-content/uploads/2025/09/WhatsApp-Image-2025-09-03-at-19.05.39-300x300.html]
[harichandanaias.com/wp-content/uploads/2025/09/WhatsApp-Image-2025-09-03-at-19.05.39-1-300x300.html]
[harichandanaias.com/wp-content/uploads/2025/09/WhatsApp-Image-2025-09-02-at-16.56.59-300x300.html]
[harichandanaias.com/wp-content/uploads/2025/09/WhatsApp-Image-2025-09-01-at-18.12.08-2-300x300.html]
[harichandanaias.com/wp-content/uploads/2025/09/WhatsApp-Image-2025-09-01-at-18.12.07-1-300x300.html]
[harichandanaias.com/wp-content/uploads/2025/09/WhatsApp-Image-2025-09-01-at-18.45.28-300x300.html]
[harichandanaias.com/wp-includes/js/dist/hooks.mindb50.js]
[harichandanaias.com/wp-includes/js/dist/i18n.min6133.js]
[harichandanaias.com/wp-content/plugins/contact-form-7/includes/swv/js/indexc17b.js]
[harichandanaias.com/wp-content/plugins/contact-form-7/includes/js/indexc17b.html]
[harichandanaias.com/wp-content/plugins/gtranslate/js/float4c49.js]
[harichandanaias.com/wp-json/wp/v2/pages/31.html]
[harichandanaias.com/indexc7e3.html]
[harichandanaias.com/wp-json/oembed/1.0/embed4f68.html]
[harichandanaias.com/wp-json/oembed/1.0/embedfc80.html]
[harichandanaias.com/wp-content/uploads/2022/02/45-300x300.html]
[harichandanaias.com/wp-content/uploads/2025/02/Hari_Chandana_IAS-768x594-1-300x300.html]
[harichandanaias.com/wp-content/uploads/2025/03/VDOREC20250222_2943T01-300x300.html]
[harichandanaias.com/wp-content/uploads/2021/06/WhatsApp-Image-2021-07-26-at-5.12.58-PM-300x300.html]
[harichandanaias.com/wp-content/uploads/2022/09/image-11-300x300.html]
[harichandanaias.com/wp-content/uploads/2022/03/EmbeddedImage-300x300.html]
[harichandanaias.com/wp-content/uploads/2022/03/DSC_0445-1-300x300.html]
[harichandanaias.com/wp-content/uploads/2022/03/New-Project-300x300.html]
[harichandanaias.com/wp-includes/css/dist/block-library/style.min0b61.css]
[harichandanaias.com/wp-content/plugins/contact-form-7/includes/css/stylesc458.css]
[harichandanaias.com/wp-includes/js/jquery/jquery.minc857.js]
[harichandanaias.com/wp-includes/js/jquery/jquery-migrate.min05ba.js]
[harichandanaias.com/wp-json/wp/v2/pages/140.html]
[harichandanaias.com/index248a.html]
[harichandanaias.com/wp-json/oembed/1.0/embedda67.html]
[harichandanaias.com/wp-json/oembed/1.0/embedd663.html]
[harichandanaias.com/wp-content/uploads/2025/08/WhatsApp-Image-2025-08-01-at-20.01.57.html]
[harichandanaias.com/wp-content/uploads/2025/08/IMG_5657-scaled.html]
[harichandanaias.com/wp-content/uploads/2025/08/WhatsApp-Image-2025-08-12-at-21.25.26.html]
[harichandanaias.com/wp-content/uploads/2025/08/WhatsApp-Image-2025-08-05-at-13.09.06-2.html]
[harichandanaias.com/wp-content/uploads/2025/08/har.html]
[harichandanaias.com/wp-content/uploads/2025/07/WhatsApp-Image-2025-07-30-at-19.32.17-2.html]
[harichandanaias.com/wp-content/uploads/2025/07/551198-dasari5.html]
[harichandanaias.com/wp-content/uploads/2025/07/WhatsApp-Image-2025-07-25-at-17.12.37-1.html]
[harichandanaias.com/wp-content/uploads/2025/07/WhatsApp-Image-2025-07-23-at-19.12.06.html]
[harichandanaias.com/wp-content/uploads/2025/07/WhatsApp-Image-2025-07-22-at-11.44.25.html]
[harichandanaias.com/wp-content/uploads/2025/07/back1-1752944713.html]
[harichandanaias.com/wp-content/uploads/2025/08/WhatsApp-Image-2022-07-12-at-12.51.19-PM-scaled-1.html]
[harichandanaias.com/wp-content/uploads/2025/07/1936933-governor-scaled.html]
[harichandanaias.com/wp-content/uploads/2025/07/WhatsApp-Image-2025-07-11-at-13.40.21.html]
[harichandanaias.com/wp-content/uploads/2025/07/WhatsApp-Image-2025-07-09-at-14.09.23.html]
[harichandanaias.com/wp-content/uploads/2025/07/GvVBTs9aYAkpAHh.html]
[harichandanaias.com/wp-content/uploads/2025/07/IMG-20250707-WA0007.html]
[harichandanaias.com/wp-content/uploads/2025/07/aaa1.html]
[harichandanaias.com/wp-content/uploads/2025/07/IMG-20250707-WA0006.html]
[harichandanaias.com/wp-content/uploads/2025/07/WhatsApp-Image-2025-07-03-at-14.27.00.html]
[harichandanaias.com/wp-content/uploads/2025/06/a34.html]
[harichandanaias.com/wp-content/uploads/2025/06/a13.html]
[harichandanaias.com/wp-content/uploads/2025/06/a3.html]
[harichandanaias.com/wp-content/uploads/2025/06/WhatsApp-Image-2025-06-16-at-15.46.44_321caad8.html]
[harichandanaias.com/wp-includes/js/dist/hooks.minbb9a.js]
[harichandanaias.com/wp-includes/js/dist/i18n.minecd2.js]
[harichandanaias.com/wp-content/plugins/contact-form-7/includes/swv/js/indexc458.js]
[harichandanaias.com/wp-content/plugins/contact-form-7/includes/js/indexc458.html]
[harichandanaias.com/wp-content/plugins/gtranslate/js/float0b61.js]
[harichandanaias.com/wp-includes/css/dist/block-library/style.mind5cd.html]
[harichandanaias.com/wp-content/plugins/contact-form-7/includes/css/styles0861.css]
[harichandanaias.com/wp-includes/js/jquery/jquery.min7cf0.js]
[harichandanaias.com/wp-includes/js/jquery/jquery-migrate.minf8ce.js]
[harichandanaias.com/wp-json/wp/v2/pages/136.html]
[harichandanaias.com/index9469.html]
[harichandanaias.com/wp-json/oembed/1.0/embed9d22.html]
[harichandanaias.com/wp-json/oembed/1.0/embed08d5.html]
[harichandanaias.com/wp-content/uploads/2025/08/WhatsApp-Image-2025-08-13-at-18.20.39-300x300.html]
[harichandanaias.com/wp-content/uploads/2025/08/IMG_5658-300x300.html]
[harichandanaias.com/wp-content/uploads/2025/06/WhatsApp-Image-2025-06-15-at-22.24.31_24a34511-300x300.html]
[harichandanaias.com/wp-content/uploads/2025/07/WhatsApp-Image-2025-07-29-at-16.06.50-300x300.html]
[harichandanaias.com/wp-content/uploads/2025/08/WhatsApp-Image-2025-08-11-at-17.43.04-300x300.html]
[harichandanaias.com/wp-content/uploads/2025/06/a19-300x300.html]
[harichandanaias.com/how-civil-services-are-integrating-ai-in-indian-administrative-service/index.html]
[harichandanaias.com/wp-content/uploads/2025/07/IMG-20250707-WA0011-300x300.html]
[harichandanaias.com/how-civil-services-are-adapting-to-indias-urbanization-challenges/index.html]
[harichandanaias.com/wp-content/uploads/2025/08/WhatsApp-Image-2025-08-05-at-18.14.40-1-300x300.html]
[harichandanaias.com/gaokao-vs-upsc-which-is-the-toughest-exam-in-the-world/index.html]
[harichandanaias.com/wp-content/uploads/2025/08/WhatsApp-Image-2025-08-07-at-13.35.38-1-300x300.html]
[harichandanaias.com/key-differences-you-must-know-for-upsc-prelims-mains/index.html]
[harichandanaias.com/wp-content/uploads/2022/06/1-300x300.html]
[harichandanaias.com/election-commission-of-india-explained-for-upsc-aspirants/index.html]
[harichandanaias.com/wp-content/uploads/2025/06/WhatsApp-Image-2025-06-13-at-18.31.48_4f13e299-300x300.html]
[harichandanaias.com/why-contract-jobs-are-not-bad-for-upsc-aspirants/index.html]
[harichandanaias.com/wp-content/uploads/2025/07/aaa1-300x300.html]
[harichandanaias.com/how-civil-servants-are-leading-change-at-the-district-level/index.html]
[harichandanaias.com/wp-content/uploads/2025/07/WhatsApp-Image-2025-07-04-at-12.22.49-2-1-300x300.html]
[harichandanaias.com/the-rise-of-mid-career-training-at-lbsnaa-reinventing-public-service-leadership/index.html]
[harichandanaias.com/wp-content/uploads/2025/07/IMG-20250707-WA0004-300x300.html]
[harichandanaias.com/how-district-collectors-are-driving-local-governance-in-crisis/index.html]
[harichandanaias.com/wp-content/uploads/2025/07/aaaa1-15-300x300.html]
[harichandanaias.com/ias-integrity-and-land-disputes-how-bureaucrats-handle-the-heat/index.html]
[harichandanaias.com/wp-content/uploads/2025/06/WhatsApp-Image-2025-06-13-at-18.31.47_6373cc1c-300x300.html]
[harichandanaias.com/top-10-toughest-exams-in-the-world-is-upsc-still-among-them/index.html]
[harichandanaias.com/why-textbooks-are-still-a-dream-for-many-ias-aspirants/index.html]
[harichandanaias.com/wp-content/uploads/2025/07/IMG-20250704-WA0004-300x300.html]
[harichandanaias.com/role-of-district-collectors-in-shaping-local-education/index.html]
[harichandanaias.com/wp-content/uploads/2025/07/WhatsApp-Image-2025-07-04-at-12.22.49-2-300x300.html]
[harichandanaias.com/top-female-ias-officers-in-india-hari-chandana-ias/index.html]
[harichandanaias.com/social-media-dilemma-should-ias-officers-be-influencers/index.html]
[harichandanaias.com/wp-content/uploads/2022/06/4-300x300.html]
[harichandanaias.com/how-to-tackle-upsc-prelims/index.html]
[harichandanaias.com/wp-content/uploads/2021/06/34-300x300.html]
[harichandanaias.com/public-accounts-committee/index.html]
[harichandanaias.com/wp-content/uploads/2022/06/Supreme-Court-Justices-Hima-Kohli-300x300.html]
[harichandanaias.com/role-of-mock-tests-in-cracking-upsc-mains/index.html]
[harichandanaias.com/wp-content/uploads/2025/03/DSC_5113-scaled-e1745474527143-300x300.html]
[harichandanaias.com/inspiring-stories-of-indian-ias-officers/index.html]
[harichandanaias.com/wp-content/uploads/2025/07/a52-9-300x300.html]
[harichandanaias.com/10-key-phases-of-ias-training/index.html]
[harichandanaias.com/how-to-prepare-for-upsc-without-distractions/index.html]
[harichandanaias.com/wp-content/uploads/2025/03/DSC_4943-300x300.html]
[harichandanaias.com/upsc-interview-panel/index.html]
[harichandanaias.com/wp-content/uploads/2022/06/DSC_1373-300x300.html]
[harichandanaias.com/is-coaching-essential-for-cracking-upsc-or-can-you-do-it-yourself/index.html]
[harichandanaias.com/wp-content/uploads/2025/02/deccanchronicle.com_-300x300.html]
[harichandanaias.com/rise-of-tech-in-public-administration/index.html]
[harichandanaias.com/daily-upsc-routine-tweaks/index.html]
[harichandanaias.com/wp-content/uploads/2025/03/DSC_5023-300x300.html]
[harichandanaias.com/why-every-upsc-aspirant-should-read-the-bhagavad-gita/index.html]
[harichandanaias.com/wp-content/uploads/2025/03/DSC_5484-300x300.html]
[harichandanaias.com/20-terminologies-used-in-the-ias-mains-exam-by-ias-aspirants/index.html]
[harichandanaias.com/women-in-ias-breaking-barriers-and-leading-change/index.html]
[harichandanaias.com/top-10-mistakes-to-avoid-before-upsc-prelims/index.html]
[harichandanaias.com/ayush-telangana-director-hari-chandana-pioneering-holistic-health-and-wellness/index.html]
[harichandanaias.com/wp-content/themes/harichandana/content/images/blog-defalut-image.html]
[harichandanaias.com/hari-chandanas-leadership-odyssey-among-the-elite-top-10-ias-officers-in-india/index.html]
[harichandanaias.com/a-day-in-the-life-of-an-ias-aspirants-for-ias-preparation/index.html]
[harichandanaias.com/wp-content/uploads/2021/06/image17-300x300.html]
[harichandanaias.com/a-day-in-the-life-of-an-ias-officer-in-india/index.html]
[harichandanaias.com/wp-content/uploads/2022/02/DSC_1376-e1742452799422-300x300.html]
[harichandanaias.com/time-management-secrets-from-ias-officers-and-upsc-rank-holders/index.html]
[harichandanaias.com/ias-aspirants-etiquette/index.html]
[harichandanaias.com/ias-officer-etiquette/index.html]
[harichandanaias.com/wp-content/uploads/2022/02/image6-e1742462087815-300x300.html]
[harichandanaias.com/ias-officer-glossary/index.html]
[harichandanaias.com/wp-content/uploads/2025/04/DSC_5098-HC-e1745474802635-300x300.html]
[harichandanaias.com/upsc-ias-aspirants-glossary/index.html]
[harichandanaias.com/how-to-start-ias-preparation-from-zero-level/index.html]
[harichandanaias.com/how-to-become-an-ias-officer-step-by-step-guide-to-fulfilling-your-civil-services-dream/index.html]
[harichandanaias.com/duties-and-responsibilities-of-an-ias-officer/index.html]
[harichandanaias.com/12-core-skills-every-ias-trainee-masters-at-lbsnaa/index.html]
[harichandanaias.com/wp-content/uploads/2024/08/Hari_Chandana_IAS-300x300.html]
[harichandanaias.com/12-unforgettable-moments-every-ias-trainee-remembers-from-lbsnaa/index.html]
[harichandanaias.com/12-things-youll-learn-during-bharat-darshan-as-an-ias-trainee/index.html]
[harichandanaias.com/meet-ias-harichandana-who-left-her-london-job-to-become-an-eco-warrior-2/index.html]
[harichandanaias.com/green-governance-a-collective-responsibility-insights-from-ias-officer-hari-chandana-2/index.html]
[harichandanaias.com/tail-wagging-times-the-pioneering-pet-park-in-hyderabad-by-hari-chandana/index.html]
[harichandanaias.com/paws-and-play-unleashing-joy-at-indias-first-pet-park-thanks-to-hari-chandana-ias/index.html]
[harichandanaias.com/stepping-back-in-time-hari-chandana-revives-narayanpets-stepwell-heritage/index.html]
[harichandanaias.com/preserving-cultural-heritage-through-artisan-skilling-in-narayanpet-a-vision-by-ias-officer-hari-chandana/index.html]
[harichandanaias.com/empowering-women-in-times-of-crisis-hari-chandana-iass-transformative-shg-initiatives-in-narayanpet/index.html]
[harichandanaias.com/t-consult-telemedicine-for-bridging-the-gap-in-rural-healthcare/index.html]
[harichandanaias.com/bridging-the-digital-divide-and-weaving-economic-empowerment-a-look-at-aarunya-and-womens-entrepreneurship-in-rural-india/index.html]
[harichandanaias.com/vision-2047-the-confluence-of-viksit-bharat-and-hari-chandanas-sustainable-dreams/index.html]
[harichandanaias.com/empowering-democracy-collector-hari-chandana-kickstarts-a-two-day-voter-registration-drive-in-nalgonda/index.html]
[harichandanaias.com/mission-bhagiratha-gets-a-boost-in-nalgonda-hari-chandanas-expertise-at-the-helm/index.html]
[harichandanaias.com/pioneering-progress-hari-chandanas-leadership-lights-the-path-to-a-transformed-nalgonda/index.html]
[harichandanaias.com/with-sights-set-on-kodangal-as-ideal-municipality-change-agent-hari-chandana-recycles-past-successes/index.html]
[harichandanaias.com/empowering-communities-hari-chandanas-impact-on-grassroots-development/index.html]
[harichandanaias.com/environmental-stewardship-hari-chandanas-quest-for-a-sustainable-planet/index.html]
[harichandanaias.com/tech-for-good-hari-chandanas-vision-for-a-digital-and-inclusive-future/index.html]
[harichandanaias.com/building-bridges-hari-chandanas-global-diplomacy-for-peace/index.html]
[harichandanaias.com/empowering-tomorrow-hari-chandanas-commitment-to-womens-equality/index.html]
[harichandanaias.com/innovate-to-elevate-hari-chandanas-vision-for-technological-advancement/index.html]
[harichandanaias.com/green-horizon-hari-chandanas-environmental-stewardship/index.html]
[harichandanaias.com/tech-for-tomorrow-hari-chandanas-vision-for-digital-inclusion/index.html]
[harichandanaias.com/empowering-women-hari-chandanas-vision-for-inclusive-growth/index.html]
[harichandanaias.com/greening-telangana-hari-chandanas-sustainable-development-agenda/index.html]
[harichandanaias.com/educational-renaissance-hari-chandanas-vision-for-quality-learning/index.html]
[harichandanaias.com/health-for-all-hari-chandanas-transformative-healthcare-initiatives/index.html]
[harichandanaias.com/empowering-youth-hari-chandanas-vision-for-skill-development/index.html]
[harichandanaias.com/tech-for-good-hari-chandanas-vision-for-a-digitalized-society/index.html]
[harichandanaias.com/green-revolution-hari-chandanas-environmental-stewardship/index.html]
[harichandanaias.com/educational-innovation-hari-chandanas-quest-for-equitable-learning/index.html]
[harichandanaias.com/empowering-women-hari-chandanas-revolutionary-approach-to-gender-equality/index.html]
[harichandanaias.com/social-harmony-hari-chandanas-vision-for-an-inclusive-society/index.html]
[harichandanaias.com/environmental-stewardship-hari-chandanas-commitment-to-a-sustainable-future/index.html]
[harichandanaias.com/digital-inclusion-hari-chandanas-vision-for-a-connected-society/index.html]
[harichandanaias.com/health-and-wellness-hari-chandanas-holistic-approach/index.html]
[harichandanaias.com/innovation-ecosystem-hari-chandanas-vision-for-a-creative-future/index.html]
[harichandanaias.com/womens-empowerment-hari-chandanas-advocacy-for-equality/index.html]
[harichandanaias.com/education-revolution-hari-chandanas-vision-for-empowered-minds/index.html]
[harichandanaias.com/cultural-renaissance-hari-chandanas-endeavor-to-preserve-heritage/index.html]
[harichandanaias.com/environmental-sustainability-hari-chandanas-commitment-to-a-greener-future/index.html]
[harichandanaias.com/youth-empowerment-hari-chandanas-vision-for-tomorrows-leaders-3/index.html]
[harichandanaias.com/digital-inclusion-hari-chandanas-mission-for-a-connected-society/index.html]
[harichandanaias.com/healthcare-transformation-hari-chandanas-vision-for-accessible-wellness/index.html]
[harichandanaias.com/empowering-entrepreneurs-hari-chandanas-initiatives-for-economic-growth/index.html]
[harichandanaias.com/education-revolution-hari-chandanas-vision-for-inclusive-learning/index.html]
[harichandanaias.com/cultural-renaissance-hari-chandanas-initiatives-for-arts-and-heritage/index.html]
[harichandanaias.com/tech-for-good-hari-chandanas-impact-on-social-innovation/index.html]
[harichandanaias.com/environmental-stewardship-hari-chandanas-commitment-to-a-greener-future/index.html]
[harichandanaias.com/transforming-healthcare-hari-chandanas-vision-for-a-healthy-nation/index.html]
[harichandanaias.com/youth-empowerment-hari-chandanas-vision-for-tomorrows-leaders-2/index.html]
[harichandanaias.com/digital-literacy-revolution-hari-chandanas-mission-for-inclusive-tech-access/index.html]
[harichandanaias.com/empowering-women-hari-chandanas-impact-on-gender-equality/index.html]
[harichandanaias.com/innovations-in-urban-development-hari-chandanas-vision-for-smart-cities/index.html]
[harichandanaias.com/building-bridges-hari-chandanas-inclusive-approach-to-social-welfare/index.html]
[harichandanaias.com/beyond-boundaries-hari-chandanas-impact-on-environmental-conservation/index.html]
[harichandanaias.com/tech-for-good-hari-chandanas-innovative-solutions-in-governance/index.html]
[harichandanaias.com/educating-the-future-hari-chandanas-transformative-initiatives-in-education/index.html]
[harichandanaias.com/empowering-rural-entrepreneurs-hari-chandanas-revolutionary-economic-initiatives/index.html]
[harichandanaias.com/healthcare-for-all-hari-chandanas-vision-for-inclusive-well-being/index.html]
[harichandanaias.com/green-revolution-2-0-hari-chandanas-vision-for-sustainable-agriculture/index.html]
[harichandanaias.com/tech-powered-education-hari-chandanas-revolution-in-learning/index.html]
[harichandanaias.com/rural-renaissance-hari-chandanas-vision-for-holistic-development/index.html]
[harichandanaias.com/inclusive-governance-hari-chandanas-blueprint-for-community-participation/index.html]
[harichandanaias.com/beyond-boundaries-hari-chandanas-global-impact-on-sustainable-development/index.html]
[harichandanaias.com/tech-for-good-hari-chandanas-vision-for-inclusive-technological-progress/index.html]
[harichandanaias.com/empowering-women-hari-chandanas-paradigm-shift-in-gender-equality/index.html]
[harichandanaias.com/building-bridges-hari-chandanas-legacy-of-infrastructure-innovation/index.html]
[harichandanaias.com/from-waste-to-wealth-hari-chandanas-plastic-recycling-odyssey/index.html]
[harichandanaias.com/green-governance-hari-chandanas-eco-friendly-revolution/index.html]
[harichandanaias.com/digital-transformation-hari-chandanas-vision-for-an-inclusive-technological-future/index.html]
[harichandanaias.com/empowering-communities-hari-chandanas-vision-for-inclusive-development/index.html]
[harichandanaias.com/empowering-women-transforming-communities-hari-chandanas-inclusive-leadership/index.html]
[harichandanaias.com/greening-our-tomorrow-hari-chandanas-environmental-vision/index.html]
[harichandanaias.com/tech-for-good-hari-chandanas-digital-revolution/index.html]
[harichandanaias.com/empowering-dreams-hari-chandanas-education-evolution/index.html]
[harichandanaias.com/healthcare-revolution-hari-chandanas-compassionate-innovations/index.html]
[harichandanaias.com/artificial-intelligence-for-social-good-hari-chandanas-visionary-approach/index.html]
[harichandanaias.com/empowering-rural-dreams-hari-chandanas-village-transformation/index.html]
[harichandanaias.com/from-plastic-to-purpose-hari-chandanas-recycling-revolution/index.html]
[harichandanaias.com/inclusive-healthcare-hari-chandanas-vision-for-accessible-medical-services/index.html]
[harichandanaias.com/women-empowerment-through-education-hari-chandanas-impactful-initiatives/index.html]
[harichandanaias.com/tech-for-good-hari-chandanas-visionary-role-in-digital-transformation/index.html]
[harichandanaias.com/greening-urban-spaces-hari-chandanas-legacy-of-eco-friendly-infrastructure/index.html]
[harichandanaias.com/waste-to-wealth-hari-chandanas-vision-for-plastic-recycling/index.html]
[harichandanaias.com/top-gun-administrator-hari-chandana-sparking-district-innovation/index.html]
[harichandanaias.com/flying-high-hari-chandanas-fighter-governance-model-to-uplift-rural-women/index.html]
[harichandanaias.com/flying-high-with-hari-chandanas-governance-model-to-uplift-districts/index.html]
[harichandanaias.com/empowering-rural-women-hari-chandanas-aarunya-initiative/index.html]
[harichandanaias.com/food-safety-revolution-hari-chandanas-leadership-at-fssai-telangana/index.html]
[harichandanaias.com/eradicating-vector-threats-hari-chandanas-drones-for-mosquito-control/index.html]
[harichandanaias.com/bridging-divides-hari-chandanas-digital-learning-for-rural-children/index.html]
[harichandanaias.com/guardians-of-health-hari-chandanas-telemedical-service-t-consult/index.html]
[harichandanaias.com/green-governance-hari-chandanas-trailblazing-eco-friendly-government-buildings/index.html]
[harichandanaias.com/reviving-heritage-hari-chandanas-commitment-to-step-wells-restoration/index.html]
[harichandanaias.com/empowering-women-aarunya-and-hari-chandanas-vision-for-rural-entrepreneurs/index.html]
[harichandanaias.com/feeding-hope-hari-chandanas-feed-the-need-fridges-revolution/index.html]
[harichandanaias.com/loo-cafe-on-wheels-hari-chandanas-innovative-approach-to-sanitation/index.html]
[harichandanaias.com/from-waste-to-wealth-the-give-and-share-kiosk-revolution-by-hari-chandana/index.html]
[harichandanaias.com/nurturing-minds-earlycoders-hari-chandanas-digital-learning-revolution/index.html]
[harichandanaias.com/revitalizing-heritage-hari-chandanas-step-wells-restoration-chronicles/index.html]
[harichandanaias.com/tech-for-good-hari-chandanas-drone-initiatives-transforming-health-and-sanitation/index.html]
[harichandanaias.com/she-toilets-revolutionizing-public-spaces-for-women/index.html]
[harichandanaias.com/greening-our-tomorrow-hari-chandanas-plastic-recycling-revolution/index.html]
[harichandanaias.com/empowering-rural-dreams-the-aarunya-initiative-by-hari-chandana/index.html]
[harichandanaias.com/green-fighter-unleashing-the-hari-chandana-effect-in-governance/index.html]
[harichandanaias.com/musi-river-cleanup-learnings-global-relevance/index.html]
[harichandanaias.com/prudent-fiscal-planning/index.html]
[harichandanaias.com/results-driven-execution-focus/index.html]
[harichandanaias.com/promoting-grassroot-scientific-solutions/index.html]
[harichandanaias.com/legislations-for-inclusive-development/index.html]
[harichandanaias.com/promoting-scientific-temper-for-progress/index.html]
[harichandanaias.com/accountable-finance-management/index.html]
[harichandanaias.com/integrating-traditional-knowledge-systems/index.html]
[harichandanaias.com/grassroot-empowerment-models/index.html]
[harichandanaias.com/harnessing-cultural-capital/index.html]
[harichandanaias.com/forging-diplomatic-alliances/index.html]
[harichandanaias.com/use-of-technology-for-economic-reforms/index.html]
[harichandanaias.com/public-administration-reforms/index.html]
[harichandanaias.com/ethics-in-leadership/index.html]
[harichandanaias.com/leveraging-intelligence-for-decision-making/index.html]
[harichandanaias.com/achieving-water-security-learning-from-chanakya-and-hari-chandana/index.html]
[harichandanaias.com/aligning-culture-with-commerce-for-grassroot-livelihood-security/index.html]
[harichandanaias.com/how-hari-chandana-pioneered-hyperlocal-solutions-for-endemic-civic-issues/index.html]
[harichandanaias.com/precision-agriculture-and-market-linkage-for-rural-livelihood-upliftment/index.html]
[harichandanaias.com/collaborative-canal-stewardship-unlocks-peace-dividends-and-farm-prosperity/index.html]
[harichandanaias.com/mainstreaming-affordable-holistic-healthcare-through-technology/index.html]
[harichandanaias.com/bridging-living-heritage-with-rural-prosperity-goals/index.html]
[harichandanaias.com/leading-by-example-hari-chandana-and-the-esteemed-top-10-ias-officers-of-india/index.html]
[harichandanaias.com/british-council-alumni-award-for-social-impact-hari-chandana-the-only-recipient-from-india/index.html]
[harichandanaias.com/hari-chandana-identified-among-indias-top-10-ias-officers/index.html]
[harichandanaias.com/hari-chandana-shortlisted-for-pms-award-for-excellence-in-public-administration/index.html]
[harichandanaias.com/best-district-collector-award-to-hari-chandana/index.html]
[harichandanaias.com/shaping-food-safety-behaviors-through-impactful-communication/index.html]
[harichandanaias.com/co-creating-food-safety-through-cross-sector-partnerships/index.html]
[harichandanaias.com/building-a-future-ready-food-safety-workforce/index.html]
[harichandanaias.com/grassroots-planning-for-food-safety/index.html]
[harichandanaias.com/street-vending-zones-in-kosgi/index.html]
[harichandanaias.com/wp-content/uploads/2022/07/streeting-zone-300x300.html]
[harichandanaias.com/green-projects/index.html]
[harichandanaias.com/wp-content/uploads/2022/03/WhatsApp-Image-2021-07-26-at-5.12.58-PM-300x300.html]
[harichandanaias.com/advance-thermal-screening/index.html]
[harichandanaias.com/public-service-24-7/index.html]
[harichandanaias.com/wp-includes/js/dist/hooks.min0b06.js]
[harichandanaias.com/wp-includes/js/dist/i18n.min9756.js]
[harichandanaias.com/wp-content/plugins/contact-form-7/includes/swv/js/index0861.js]
[harichandanaias.com/wp-content/plugins/contact-form-7/includes/js/index0861.html]
[harichandanaias.com/wp-content/plugins/gtranslate/js/floatd5cd.js]
[harichandanaias.com/wp-json/wp/v2/pages/84.html]
[harichandanaias.com/index735a.html]
[harichandanaias.com/wp-json/oembed/1.0/embedbcf5.html]
[harichandanaias.com/wp-json/oembed/1.0/embed72cd.html]
[harichandanaias.com/wp-content/uploads/2025/09/WhatsApp-Image-2025-08-30-at-19.02.09-2-1.html]
[harichandanaias.com/wp-content/uploads/2025/09/WhatsApp-Image-2025-08-30-at-19.02.09-2-1-1024x1024.html]
[harichandanaias.com/wp-content/uploads/2025/09/WhatsApp-Image-2025-08-30-at-19.02.09-2.html]
[harichandanaias.com/wp-content/uploads/2025/09/WhatsApp-Image-2025-08-30-at-19.02.09-2-1024x1024.html]
[harichandanaias.com/wp-content/uploads/2025/09/WhatsApp-Image-2025-08-30-at-19.02.08.html]
[harichandanaias.com/wp-content/uploads/2025/09/WhatsApp-Image-2025-08-30-at-19.02.08-1024x1024.html]
[harichandanaias.com/wp-content/uploads/2025/08/IMG_5662-scaled.html]
[harichandanaias.com/wp-content/uploads/2025/08/IMG_5662-1024x1024.html]
[harichandanaias.com/wp-content/uploads/2025/08/IMG_5658-1024x1024.html]
[harichandanaias.com/wp-content/uploads/2025/08/IMG_5657-1024x1024.html]
[harichandanaias.com/wp-content/uploads/2025/08/WhatsApp-Image-2025-08-26-at-16.25.46_10b7f648.html]
[harichandanaias.com/wp-content/uploads/2025/08/WhatsApp-Image-2025-08-26-at-16.25.46_10b7f648-1024x1024.html]
[harichandanaias.com/wp-content/uploads/2025/08/WhatsApp-Image-2025-08-26-at-16.25.48_038fb178.html]
[harichandanaias.com/wp-content/uploads/2025/08/WhatsApp-Image-2025-08-26-at-16.25.48_038fb178-1024x1024.html]
[harichandanaias.com/wp-content/uploads/2025/08/WhatsApp-Image-2025-08-26-at-16.25.49_fdfc628d.html]
[harichandanaias.com/wp-content/uploads/2025/08/WhatsApp-Image-2025-08-26-at-16.25.49_fdfc628d-1024x1024.html]
[harichandanaias.com/wp-content/uploads/2025/08/WhatsApp-Image-2025-08-26-at-16.25.55_b534f9ab.html]
[harichandanaias.com/wp-content/uploads/2025/08/WhatsApp-Image-2025-08-26-at-16.25.55_b534f9ab-1024x1024.html]
[harichandanaias.com/wp-content/uploads/2025/08/WhatsApp-Image-2025-08-21-at-20.12.35.html]
[harichandanaias.com/wp-content/uploads/2025/08/WhatsApp-Image-2025-08-21-at-20.12.35-1024x1024.html]
[harichandanaias.com/wp-content/uploads/2025/08/WhatsApp-Image-2025-08-22-at-15.11.22-1.html]
[harichandanaias.com/wp-content/uploads/2025/08/WhatsApp-Image-2025-08-22-at-15.11.22-1-1024x1024.html]
[harichandanaias.com/wp-content/uploads/2025/08/WhatsApp-Image-2025-08-22-at-15.11.21.html]
[harichandanaias.com/wp-content/uploads/2025/08/WhatsApp-Image-2025-08-22-at-15.11.21-1024x1024.html]
[harichandanaias.com/wp-content/uploads/2025/08/WhatsApp-Image-2025-08-22-at-15.11.20-1.html]
[harichandanaias.com/wp-content/uploads/2025/08/WhatsApp-Image-2025-08-22-at-15.11.20-1-1024x1024.html]
[harichandanaias.com/wp-content/uploads/2025/08/WhatsApp-Image-2025-08-22-at-15.11.17.html]
[harichandanaias.com/wp-content/uploads/2025/08/WhatsApp-Image-2025-08-22-at-15.11.17-1024x1024.html]
[harichandanaias.com/wp-content/uploads/2025/08/WhatsApp-Image-2025-08-22-at-15.11.16-1.html]
[harichandanaias.com/wp-content/uploads/2025/08/WhatsApp-Image-2025-08-22-at-15.11.16-1-1024x1024.html]
[harichandanaias.com/wp-content/uploads/2025/08/WhatsApp-Image-2025-08-22-at-10.59.54-1.html]
[harichandanaias.com/wp-content/uploads/2025/08/WhatsApp-Image-2025-08-22-at-10.59.54-1-1024x853.html]
[harichandanaias.com/wp-content/uploads/2025/08/WhatsApp-Image-2025-08-20-at-14.00.05.html]
[harichandanaias.com/wp-content/uploads/2025/08/WhatsApp-Image-2025-08-20-at-14.00.05-1024x1024.html]
[harichandanaias.com/wp-content/uploads/2025/08/WhatsApp-Image-2025-08-20-at-14.00.08-1.html]
[harichandanaias.com/wp-content/uploads/2025/08/WhatsApp-Image-2025-08-20-at-14.00.08-1-1024x1024.html]
[harichandanaias.com/wp-content/uploads/2025/08/WhatsApp-Image-2025-08-20-at-14.00.08.html]
[harichandanaias.com/wp-content/uploads/2025/08/WhatsApp-Image-2025-08-20-at-14.00.08-1024x1024.html]
[harichandanaias.com/wp-content/uploads/2025/08/WhatsApp-Image-2025-08-20-at-14.00.06-1024x1024.html]
[harichandanaias.com/wp-content/uploads/2025/08/WhatsApp-Image-2025-08-18-at-17.48.07.html]
[harichandanaias.com/wp-content/uploads/2025/08/WhatsApp-Image-2025-08-18-at-17.48.07-1024x941.html]
[harichandanaias.com/wp-json/wp/v2/pages/11683.html]
[harichandanaias.com/index079b.html]
[harichandanaias.com/wp-json/oembed/1.0/embed0b87.html]
[harichandanaias.com/wp-json/oembed/1.0/embedc475.html]
[harichandanaias.com/wp-json/wp/v2/pages/138.html]
[harichandanaias.com/index1a26.html]
[harichandanaias.com/wp-json/oembed/1.0/embed7010.html]
[harichandanaias.com/wp-json/oembed/1.0/embedf0d4.html]
[harichandanaias.com/wp-includes/css/dist/block-library/style.min9cd8.html]
[harichandanaias.com/wp-content/plugins/contact-form-7/includes/css/styles477b.css]
[harichandanaias.com/wp-includes/js/jquery/jquery.min9a13.js]
[harichandanaias.com/wp-includes/js/jquery/jquery-migrate.mincffc.js]
[harichandanaias.com/wp-json/wp/v2/posts/11736.html]
[harichandanaias.com/index4194.html]
[harichandanaias.com/wp-json/oembed/1.0/embed2b4d.html]
[harichandanaias.com/wp-json/oembed/1.0/embed9737.html]
[harichandanaias.com/wp-content/uploads/2022/02/45.html]
[harichandanaias.com/category/blog-insights/index.html]
[harichandanaias.com/category/blog-grid/index.html]
[harichandanaias.com/category/dynamic-ias-officers/index.html]
[harichandanaias.com/category/famous-ias-officer/index.html]
[harichandanaias.com/category/honest-ias-officer/index.html]
[harichandanaias.com/category/ias-aspirants/index.html]
[harichandanaias.com/category/initiatives-projects/index.html]
[harichandanaias.com/category/news-updates/index.html]
[harichandanaias.com/category/our-blog/index.html]
[harichandanaias.com/wp-includes/js/dist/hooks.mine015.js]
[harichandanaias.com/wp-includes/js/dist/i18n.minaaed.js]
[harichandanaias.com/wp-content/plugins/contact-form-7/includes/swv/js/index477b.js]
[harichandanaias.com/wp-content/plugins/contact-form-7/includes/js/index477b.html]
[harichandanaias.com/wp-content/plugins/gtranslate/js/float9cd8.js]
[harichandanaias.com/wp-includes/css/dist/block-library/style.min21f5.css]
[harichandanaias.com/wp-content/plugins/contact-form-7/includes/css/styles9df7.css]
[harichandanaias.com/wp-includes/js/jquery/jquery.mina2a1.js]
[harichandanaias.com/wp-includes/js/jquery/jquery-migrate.min5e7c.js]
[harichandanaias.com/wp-json/wp/v2/posts/11733.html]
[harichandanaias.com/index29c2.html]
[harichandanaias.com/wp-json/oembed/1.0/embed1b66.html]
[harichandanaias.com/wp-json/oembed/1.0/embed2dae.html]
[harichandanaias.com/wp-includes/js/dist/hooks.min7099.js]
[harichandanaias.com/wp-includes/js/dist/i18n.min626f.js]
[harichandanaias.com/wp-content/plugins/contact-form-7/includes/swv/js/index9df7.js]
[harichandanaias.com/wp-content/plugins/contact-form-7/includes/js/index9df7.html]
[harichandanaias.com/wp-content/plugins/gtranslate/js/float21f5.js]
[harichandanaias.com/wp-json/wp/v2/posts/11724.html]
[harichandanaias.com/indexd83f.html]
[harichandanaias.com/wp-json/oembed/1.0/embed43e8.html]
[harichandanaias.com/wp-json/oembed/1.0/embed09ce.html]
[harichandanaias.com/wp-includes/css/dist/block-library/style.min746a.html]
[harichandanaias.com/wp-content/plugins/contact-form-7/includes/css/stylese231.css]
[harichandanaias.com/wp-includes/js/jquery/jquery.min1fe3.js]
[harichandanaias.com/wp-includes/js/jquery/jquery-migrate.mina319.js]
[harichandanaias.com/wp-json/wp/v2/posts/11720.html]
[harichandanaias.com/index0e18.html]
[harichandanaias.com/wp-json/oembed/1.0/embedab32.html]
[harichandanaias.com/wp-json/oembed/1.0/embedac89.html]
[harichandanaias.com/wp-content/uploads/2021/06/WhatsApp-Image-2021-07-26-at-5.12.58-PM.html]
[harichandanaias.com/wp-includes/js/dist/hooks.mine2d3.js]
[harichandanaias.com/wp-includes/js/dist/i18n.min5bba.js]
[harichandanaias.com/wp-content/plugins/contact-form-7/includes/swv/js/indexe231.js]
[harichandanaias.com/wp-content/plugins/contact-form-7/includes/js/indexe231.js]
[harichandanaias.com/wp-content/plugins/gtranslate/js/float746a.js]
[harichandanaias.com/wp-json/wp/v2/posts/62.html]
[harichandanaias.com/index5c36.html]
[harichandanaias.com/wp-json/oembed/1.0/embedc72d.html]
[harichandanaias.com/wp-json/oembed/1.0/embed7816.html]
[harichandanaias.com/wp-json/wp/v2/posts/42.html]
[harichandanaias.com/indexfbd5.html]
[harichandanaias.com/wp-json/oembed/1.0/embed97a7.html]
[harichandanaias.com/wp-json/oembed/1.0/embed8c33.html]
[harichandanaias.com/wp-content/uploads/2022/03/EmbeddedImage.html]
[harichandanaias.com/wp-includes/css/dist/block-library/style.min3820.html]
[harichandanaias.com/wp-content/plugins/contact-form-7/includes/css/styles962f.css]
[harichandanaias.com/wp-includes/js/jquery/jquery.min1dec.js]
[harichandanaias.com/wp-includes/js/jquery/jquery-migrate.minfec8.js]
[harichandanaias.com/wp-json/wp/v2/posts/40.html]
[harichandanaias.com/index3ba0.html]
[harichandanaias.com/wp-json/oembed/1.0/embed2b53.html]
[harichandanaias.com/wp-json/oembed/1.0/embed2288.html]
[harichandanaias.com/wp-content/uploads/2022/03/DSC_0445-1.html]
[harichandanaias.com/wp-includes/js/dist/hooks.mine4b8.js]
[harichandanaias.com/wp-includes/js/dist/i18n.min4af5.js]
[harichandanaias.com/wp-content/plugins/contact-form-7/includes/swv/js/index962f.js]
[harichandanaias.com/wp-content/plugins/contact-form-7/includes/js/index962f.html]
[harichandanaias.com/wp-content/plugins/gtranslate/js/float3820.js]
[harichandanaias.com/wp-includes/css/dist/block-library/style.mineb3d.css]
[harichandanaias.com/wp-content/plugins/contact-form-7/includes/css/styles3bf8.css]
[harichandanaias.com/wp-includes/js/jquery/jquery.minccd0.js]
[harichandanaias.com/wp-includes/js/jquery/jquery-migrate.min1977.js]
[harichandanaias.com/wp-json/wp/v2/posts/38.html]
[harichandanaias.com/indexb93f.html]
[harichandanaias.com/wp-json/oembed/1.0/embede972.html]
[harichandanaias.com/wp-json/oembed/1.0/embedb194.html]
[harichandanaias.com/wp-includes/js/dist/hooks.min3ac0.js]
[harichandanaias.com/wp-includes/js/dist/i18n.min071d.js]
[harichandanaias.com/wp-content/plugins/contact-form-7/includes/swv/js/index3bf8.js]
[harichandanaias.com/wp-content/plugins/contact-form-7/includes/js/index3bf8.js]
[harichandanaias.com/wp-content/plugins/gtranslate/js/floateb3d.js]
[harichandanaias.com/wp-includes/css/dist/block-library/style.min4c2d.css]
[harichandanaias.com/t-consult/feed/index.html]
[harichandanaias.com/wp-content/plugins/contact-form-7/includes/css/stylesdf01.css]
[harichandanaias.com/wp-includes/js/jquery/jquery.min9e86.js]
[harichandanaias.com/wp-includes/js/jquery/jquery-migrate.min9231.js]
[harichandanaias.com/wp-json/wp/v2/posts/34.json]
[harichandanaias.com/wp-json/oembed/1.0/embed8d8d.json]
[harichandanaias.com/wp-json/oembed/1.0/embedffc5]
[harichandanaias.com/wp-content/themes/harichandana/content/images/blog-detail1.png]
[harichandanaias.com/wp-content/uploads/2021/06/news4-1.jpg]
[harichandanaias.com/wp-includes/js/dist/hooks.minf5f9.js]
[harichandanaias.com/wp-includes/js/dist/i18n.min04c3.js]
[harichandanaias.com/wp-content/plugins/contact-form-7/includes/swv/js/indexdf01.js]
[harichandanaias.com/wp-content/plugins/contact-form-7/includes/js/indexdf01.js]
[harichandanaias.com/t-consult/index.html]
[harichandanaias.com/wp-content/plugins/gtranslate/js/float4c2d.js]
[harichandanaias.com/wp-includes/css/dist/block-library/style.min4c2d.css]
[harichandanaias.com/wp-content/plugins/contact-form-7/includes/css/stylesdf01.css]
[harichandanaias.com/wp-includes/js/jquery/jquery.min9e86.js]
[harichandanaias.com/wp-includes/js/jquery/jquery-migrate.min9231.js]
[harichandanaias.com/index1e7e.html]
[harichandanaias.com/wp-includes/js/dist/hooks.minf5f9.js]
[harichandanaias.com/wp-includes/js/dist/i18n.min04c3.js]
[harichandanaias.com/wp-content/plugins/contact-form-7/includes/swv/js/indexdf01.js]
[harichandanaias.com/wp-content/plugins/contact-form-7/includes/js/indexdf01.js]
[harichandanaias.com/wp-content/plugins/gtranslate/js/float4c2d.js]
